{"level":"info","message":"GET /api/chart-data"}
{"level":"info","message":"GET /api/chart-data"}
{"level":"info","message":"GET /api/chart-data"}
{"level":"info","message":"GET /api/chart-data"}
{"level":"info","message":"GET /api/chart-data"}
{"level":"info","message":"GET /api/chart-data"}
{"level":"info","message":"GET /api/chart-data"}
{"level":"info","message":"GET /api/chart-data"}
{"level":"info","message":"GET /api/chart-data"}
{"level":"info","message":"GET /api/chart-data"}
{"level":"info","message":"GET /api/chart-data"}
{"level":"info","message":"GET /api/chart-data"}
{"level":"info","message":"GET /api/chart-data"}
{"level":"info","message":"GET /api/chart-data"}
{"level":"info","message":"GET /api/chart-data"}
{"level":"info","message":"GET /api/chart-data"}
{"level":"info","message":"GET /api/chart-data"}
{"level":"info","message":"GET /api/chart-data"}
{"level":"info","message":"GET /api/chart-data"}
{"level":"info","message":"GET /api/chart-data"}
{"level":"info","message":"GET /api/chart-data"}
{"level":"info","message":"GET /api/chart-data"}
{"level":"info","message":"GET /api/chart-data"}
{"level":"info","message":"GET /api/chart-data"}
{"level":"info","message":"GET /api/chart-data"}
{"level":"info","message":"GET /api/chart-data"}
{"level":"info","message":"GET /api/chart-data"}
{"level":"info","message":"GET /api/chart-data"}
{"level":"info","message":"GET /api/chart-data"}
{"level":"info","message":"GET /api/chart-data"}
{"level":"info","message":"GET /api/chart-data"}
{"level":"info","message":"GET /api/chart-data"}
{"level":"info","message":"GET /api/chart-data"}
{"level":"info","message":"GET /api/chart-data"}
{"level":"info","message":"GET /api/chart-data"}
{"level":"info","message":"GET /api/chart-data"}
{"level":"info","message":"GET /api/chart-data"}
{"level":"info","message":"GET /api/chart-data"}
{"level":"info","message":"GET /api/chart-data"}
{"level":"info","message":"GET /api/chart-data"}
{"level":"info","message":"GET /api/chart-data"}
{"level":"info","message":"GET /api/chart-data"}
{"level":"info","message":"GET /api/chart-data"}
{"level":"info","message":"GET /api/chart-data"}
{"level":"info","message":"GET /api/chart-data"}
{"level":"info","message":"GET /api/chart-data"}
{"level":"info","message":"GET /api/chart-data"}
{"level":"info","message":"GET /api/chart-data"}
{"level":"info","message":"GET /api/chart-data"}
{"level":"info","message":"GET /api/chart-data"}
{"level":"info","message":"GET /api/chart-data"}
{"level":"info","message":"GET /api/chart-data"}
{"level":"info","message":"GET /api/chart-data"}
{"level":"info","message":"GET /api/chart-data"}
{"level":"info","message":"GET /api/chart-data"}
{"level":"info","message":"GET /api/chart-data"}
{"level":"info","message":"GET /api/chart-data"}
{"level":"info","message":"GET /api/chart-data"}
{"level":"info","message":"GET /api/chart-data"}
{"level":"info","message":"GET /api/chart-data"}
{"level":"info","message":"GET /api/chart-data"}
{"level":"info","message":"GET /api/chart-data"}
{"level":"info","message":"GET /api/chart-data"}
{"level":"info","message":"GET /api/chart-data"}
{"level":"info","message":"GET /api/chart-data"}
{"level":"info","message":"GET /api/chart-data"}
{"level":"info","message":"GET /api/chart-data"}
{"level":"info","message":"GET /api/chart-data"}
{"level":"info","message":"GET /api/chart-data"}
{"level":"info","message":"GET /api/chart-data"}
{"level":"info","message":"GET /api/chart-data"}
{"level":"info","message":"GET /api/chart-data"}
{"level":"info","message":"GET /api/chart-data"}
{"level":"info","message":"GET /"}
{"level":"info","message":"GET /apple-touch-icon-precomposed.png"}
{"level":"info","message":"GET /apple-touch-icon.png"}
{"level":"info","message":"GET /"}
{"level":"info","message":"GET /"}
{"level":"info","message":"GET /"}
{"level":"info","message":"GET /"}
{"level":"info","message":"GET /"}
{"level":"info","message":"GET /"}
{"level":"error"}
{"level":"info","message":"GET /"}
{"level":"error"}
{"level":"info","message":"GET /user"}
{"level":"error"}
